
  1) Uncaught error outside test suite

  0 passing (2ms)
  1 failing

  1) Uncaught error outside test suite:
     Uncaught Error: listen EADDRINUSE: address already in use :::3000
      at Server.setupListenHandle [as _listen2] (node:net:1940:16)
      at listenInCluster (node:net:1997:12)
      at Server.listen (node:net:2102:7)
      at app.listen (node_modules\express\lib\application.js:635:24)
      at Object.<anonymous> (src\app.js:23:5)
      at Module._compile (node:internal/modules/cjs/loader:1761:14)
      at Object..js (node:internal/modules/cjs/loader:1893:10)
      at Module.load (node:internal/modules/cjs/loader:1481:32)
      at Module._load (node:internal/modules/cjs/loader:1300:12)
      at TracingChannel.traceSync (node:diagnostics_channel:328:14)
      at wrapModuleLoad (node:internal/modules/cjs/loader:245:24)
      at Module.require (node:internal/modules/cjs/loader:1504:12)
      at require (node:internal/modules/helpers:152:16)
      at Object.<anonymous> (tests\integration\auth.test.js:3:13)
      at Module._compile (node:internal/modules/cjs/loader:1761:14)
      at Object..js (node:internal/modules/cjs/loader:1893:10)
      at Module.load (node:internal/modules/cjs/loader:1481:32)
      at Module._load (node:internal/modules/cjs/loader:1300:12)
      at TracingChannel.traceSync (node:diagnostics_channel:328:14)
      at wrapModuleLoad (node:internal/modules/cjs/loader:245:24)
      at loadCJSModuleWithModuleLoad (node:internal/modules/esm/translators:339:3)
      at ModuleWrap.<anonymous> (node:internal/modules/esm/translators:242:7)
      at ModuleJob.run (node:internal/modules/esm/module_job:413:25)
      at async onImport.tracePromise.__proto__ (node:internal/modules/esm/loader:660:26)





  ≡ƒô¥ Signup Integration Tests
    Γ£ö should register user with valid data
    Γ£ö should reject duplicate email registration
    Γ£ö should reject signup with empty form
    Γ£ö should reject signup with invalid email
    Γ£ö should reject signup with short password
    Γ£ö should reject signup with short username
    Γ£ö should reject signup with missing username field
    Γ£ö should accept username with exactly 3 characters (boundary)
    Γ£ö should reject special characters causing invalid email
    Γ£ö should handle rapid multiple signups (same data)

  ≡ƒöÉ Login Integration Tests
    Γ£ö should login with valid credentials
    Γ£ö should reject login with wrong password
    Γ£ö should reject login with non-existing user
    Γ£ö should reject login with empty form
    Γ£ö should reject login with invalid email format
    Γ£ö should reject login with empty password
    Γ£ö should reject login with special chars in email
    Γ£ö should handle very long email input (boundary)

